::ffff:127.0.0.1 - - [24/Dec/2019:22:35:27 +0000] "POST /api/events HTTP/1.1" 200 293 "-" "node-superagent/3.8.3"
::ffff:127.0.0.1 - - [24/Dec/2019:22:35:27 +0000] "POST /api/events HTTP/1.1" 500 468 "-" "node-superagent/3.8.3"
::ffff:127.0.0.1 - - [24/Dec/2019:22:35:27 +0000] "POST /api/events HTTP/1.1" 500 1711 "-" "node-superagent/3.8.3"
::ffff:127.0.0.1 - - [24/Dec/2019:22:35:27 +0000] "GET /api/events HTTP/1.1" 200 864 "-" "node-superagent/3.8.3"
::ffff:127.0.0.1 - - [24/Dec/2019:22:35:27 +0000] "GET /api/events/name/test HTTP/1.1" 200 286 "-" "node-superagent/3.8.3"
::ffff:127.0.0.1 - - [24/Dec/2019:22:35:27 +0000] "GET /api/events/123 HTTP/1.1" 404 244 "-" "node-superagent/3.8.3"
::ffff:127.0.0.1 - - [24/Dec/2019:22:35:27 +0000] "GET /api/events/name/test HTTP/1.1" 200 286 "-" "node-superagent/3.8.3"
::ffff:127.0.0.1 - - [24/Dec/2019:22:35:27 +0000] "PUT /api/events/5e0292afd094f178a4af5e84 HTTP/1.1" 200 292 "-" "node-superagent/3.8.3"
::ffff:127.0.0.1 - - [24/Dec/2019:22:35:27 +0000] "PUT /api/events/5e0292afd094f178a4af5e84 HTTP/1.1" 500 2001 "-" "node-superagent/3.8.3"
::ffff:127.0.0.1 - - [24/Dec/2019:22:35:27 +0000] "GET /api/events/name/test HTTP/1.1" 200 286 "-" "node-superagent/3.8.3"
::ffff:127.0.0.1 - - [24/Dec/2019:22:35:27 +0000] "DELETE /api/events/5e0292afd094f178a4af5e84 HTTP/1.1" 200 302 "-" "node-superagent/3.8.3"
::ffff:127.0.0.1 - - [24/Dec/2019:22:35:27 +0000] "DELETE /api/events/5e0292afd094f178a4af5e84 HTTP/1.1" 500 94 "-" "node-superagent/3.8.3"
::1 - - [24/Dec/2019:22:39:03 +0000] "GET /api/events/ HTTP/1.1" 200 629 "-" "Mozilla/5.0 (Windows NT 10.0; Win64; x64) AppleWebKit/537.36 (KHTML, like Gecko) Chrome/79.0.3945.79 Safari/537.36"
::ffff:127.0.0.1 - - [24/Dec/2019:22:39:25 +0000] "POST /api/events HTTP/1.1" 200 293 "-" "node-superagent/3.8.3"
::ffff:127.0.0.1 - - [24/Dec/2019:22:39:25 +0000] "POST /api/events HTTP/1.1" 500 468 "-" "node-superagent/3.8.3"
::ffff:127.0.0.1 - - [24/Dec/2019:22:39:25 +0000] "POST /api/events HTTP/1.1" 500 1711 "-" "node-superagent/3.8.3"
::ffff:127.0.0.1 - - [24/Dec/2019:22:39:25 +0000] "GET /api/events HTTP/1.1" 200 864 "-" "node-superagent/3.8.3"
::ffff:127.0.0.1 - - [24/Dec/2019:22:39:25 +0000] "GET /api/events/name/test HTTP/1.1" 200 286 "-" "node-superagent/3.8.3"
::ffff:127.0.0.1 - - [24/Dec/2019:22:39:25 +0000] "GET /api/events/123 HTTP/1.1" 404 244 "-" "node-superagent/3.8.3"
::ffff:127.0.0.1 - - [24/Dec/2019:22:39:25 +0000] "GET /api/events/name/test HTTP/1.1" 200 286 "-" "node-superagent/3.8.3"
::ffff:127.0.0.1 - - [24/Dec/2019:22:39:25 +0000] "PUT /api/events/5e02939db507763e2c5517be HTTP/1.1" 200 292 "-" "node-superagent/3.8.3"
::ffff:127.0.0.1 - - [24/Dec/2019:22:39:25 +0000] "PUT /api/events/5e02939db507763e2c5517be HTTP/1.1" 500 2001 "-" "node-superagent/3.8.3"
::ffff:127.0.0.1 - - [24/Dec/2019:22:39:25 +0000] "GET /api/events/name/test HTTP/1.1" 200 286 "-" "node-superagent/3.8.3"
::ffff:127.0.0.1 - - [24/Dec/2019:22:39:25 +0000] "DELETE /api/events/5e02939db507763e2c5517be HTTP/1.1" 200 302 "-" "node-superagent/3.8.3"
::ffff:127.0.0.1 - - [24/Dec/2019:22:39:25 +0000] "DELETE /api/events/5e02939db507763e2c5517be HTTP/1.1" 500 94 "-" "node-superagent/3.8.3"
::1 - - [24/Dec/2019:22:40:20 +0000] "GET /api/events/5dd468bd0c91e7254c0f2f03 HTTP/1.1" 200 610 "-" "Mozilla/5.0 (Windows NT 10.0; Win64; x64) AppleWebKit/537.36 (KHTML, like Gecko) Chrome/79.0.3945.79 Safari/537.36"
::1 - - [24/Dec/2019:22:40:24 +0000] "GET /api/events/5dd468bd0c91e7254c0f2f03 HTTP/1.1" 200 610 "-" "Mozilla/5.0 (Windows NT 10.0; Win64; x64) AppleWebKit/537.36 (KHTML, like Gecko) Chrome/79.0.3945.79 Safari/537.36"
::ffff:127.0.0.1 - - [24/Dec/2019:22:43:06 +0000] "POST /api/events HTTP/1.1" 200 293 "-" "node-superagent/3.8.3"
::ffff:127.0.0.1 - - [24/Dec/2019:22:43:06 +0000] "POST /api/events HTTP/1.1" 500 468 "-" "node-superagent/3.8.3"
::ffff:127.0.0.1 - - [24/Dec/2019:22:43:06 +0000] "POST /api/events HTTP/1.1" 500 1711 "-" "node-superagent/3.8.3"
::ffff:127.0.0.1 - - [24/Dec/2019:22:43:06 +0000] "GET /api/events HTTP/1.1" 200 864 "-" "node-superagent/3.8.3"
::ffff:127.0.0.1 - - [24/Dec/2019:22:43:06 +0000] "GET /api/events/name/test HTTP/1.1" 200 286 "-" "node-superagent/3.8.3"
::ffff:127.0.0.1 - - [24/Dec/2019:22:43:06 +0000] "GET /api/events/5e02947a3c9561c22044fd3c HTTP/1.1" 200 287 "-" "node-superagent/3.8.3"
::ffff:127.0.0.1 - - [24/Dec/2019:22:43:06 +0000] "GET /api/events/123 HTTP/1.1" 404 244 "-" "node-superagent/3.8.3"
::ffff:127.0.0.1 - - [24/Dec/2019:22:43:06 +0000] "GET /api/events/name/test HTTP/1.1" 200 286 "-" "node-superagent/3.8.3"
::ffff:127.0.0.1 - - [24/Dec/2019:22:43:06 +0000] "PUT /api/events/5e02947a3c9561c22044fd3c HTTP/1.1" 200 292 "-" "node-superagent/3.8.3"
::ffff:127.0.0.1 - - [24/Dec/2019:22:43:06 +0000] "PUT /api/events/5e02947a3c9561c22044fd3c HTTP/1.1" 500 2001 "-" "node-superagent/3.8.3"
::ffff:127.0.0.1 - - [24/Dec/2019:22:43:06 +0000] "GET /api/events/name/test HTTP/1.1" 200 286 "-" "node-superagent/3.8.3"
::ffff:127.0.0.1 - - [24/Dec/2019:22:43:06 +0000] "DELETE /api/events/5e02947a3c9561c22044fd3c HTTP/1.1" 200 302 "-" "node-superagent/3.8.3"
::ffff:127.0.0.1 - - [24/Dec/2019:22:43:06 +0000] "DELETE /api/events/5e02947a3c9561c22044fd3c HTTP/1.1" 500 94 "-" "node-superagent/3.8.3"
::1 - - [03/Jan/2020:19:18:30 +0000] "GET /api/events/ HTTP/1.1" 200 629 "-" "Mozilla/5.0 (Windows NT 10.0; Win64; x64) AppleWebKit/537.36 (KHTML, like Gecko) Chrome/79.0.3945.88 Safari/537.36"
::1 - - [03/Jan/2020:19:18:49 +0000] "PUT /api/events/5dd468bd0c91e7254c0f2f03 HTTP/1.1" 200 615 "-" "Mozilla/5.0 (Windows NT 10.0; Win64; x64) AppleWebKit/537.36 (KHTML, like Gecko) Chrome/79.0.3945.88 Safari/537.36"
::1 - - [03/Jan/2020:19:19:03 +0000] "GET /api/events/ HTTP/1.1" 200 629 "-" "Mozilla/5.0 (Windows NT 10.0; Win64; x64) AppleWebKit/537.36 (KHTML, like Gecko) Chrome/79.0.3945.88 Safari/537.36"
::1 - - [06/Jan/2020:16:10:31 +0000] "GET /api/events HTTP/1.1" 200 629 "-" "PostmanRuntime/7.21.0"
::1 - - [06/Jan/2020:16:11:21 +0000] "GET /api/events/5dd468bd0c91e7254c0f2f03 HTTP/1.1" 200 610 "-" "PostmanRuntime/7.21.0"
::1 - - [06/Jan/2020:16:24:39 +0000] "GET /api/events/5dd468bd0c91e7254c0f2f03 HTTP/1.1" 200 610 "-" "PostmanRuntime/7.21.0"
::1 - - [06/Jan/2020:19:27:41 +0000] "GET /api/events/ HTTP/1.1" 200 629 "-" "PostmanRuntime/7.21.0"
::1 - - [06/Jan/2020:19:41:05 +0000] "GET /api/events/5dd468bd0c91e7254c0f2f03?= HTTP/1.1" 200 610 "-" "PostmanRuntime/7.21.0"
::1 - - [06/Jan/2020:19:41:21 +0000] "GET /api/events/5dd468bd0c91e7254c0f2f03?A HTTP/1.1" 200 610 "-" "PostmanRuntime/7.21.0"
::1 - - [06/Jan/2020:19:45:50 +0000] "GET /api/events/5dd468bd0c91e7254c0f2f03?= HTTP/1.1" 200 610 "-" "PostmanRuntime/7.21.0"
::ffff:127.0.0.1 - - [06/Jan/2020:19:46:46 +0000] "POST /api/events HTTP/1.1" 403 64 "-" "node-superagent/3.8.3"
::ffff:127.0.0.1 - - [06/Jan/2020:19:46:46 +0000] "POST /api/events HTTP/1.1" 403 64 "-" "node-superagent/3.8.3"
::ffff:127.0.0.1 - - [06/Jan/2020:19:46:46 +0000] "POST /api/events HTTP/1.1" 403 64 "-" "node-superagent/3.8.3"
::ffff:127.0.0.1 - - [06/Jan/2020:19:46:46 +0000] "GET /api/events HTTP/1.1" 403 64 "-" "node-superagent/3.8.3"
::ffff:127.0.0.1 - - [06/Jan/2020:19:46:46 +0000] "GET /api/events/name/test HTTP/1.1" 403 64 "-" "node-superagent/3.8.3"
::ffff:127.0.0.1 - - [06/Jan/2020:19:46:46 +0000] "GET /api/events/ HTTP/1.1" 403 64 "-" "node-superagent/3.8.3"
::ffff:127.0.0.1 - - [06/Jan/2020:19:46:46 +0000] "GET /api/events/123 HTTP/1.1" 403 64 "-" "node-superagent/3.8.3"
::ffff:127.0.0.1 - - [06/Jan/2020:19:46:46 +0000] "GET /api/events/name/test HTTP/1.1" 403 64 "-" "node-superagent/3.8.3"
::ffff:127.0.0.1 - - [06/Jan/2020:19:46:46 +0000] "PUT /api/events/ HTTP/1.1" 404 1971 "-" "node-superagent/3.8.3"
::ffff:127.0.0.1 - - [06/Jan/2020:19:46:46 +0000] "PUT /api/events/ HTTP/1.1" 404 1971 "-" "node-superagent/3.8.3"
::ffff:127.0.0.1 - - [06/Jan/2020:19:46:46 +0000] "GET /api/events/name/test HTTP/1.1" 403 64 "-" "node-superagent/3.8.3"
::ffff:127.0.0.1 - - [06/Jan/2020:19:46:46 +0000] "DELETE /api/events/ HTTP/1.1" 404 1971 "-" "node-superagent/3.8.3"
::ffff:127.0.0.1 - - [06/Jan/2020:19:46:46 +0000] "DELETE /api/events/ HTTP/1.1" 404 1971 "-" "node-superagent/3.8.3"
::ffff:127.0.0.1 - - [06/Jan/2020:19:48:53 +0000] "POST /api/events HTTP/1.1" 403 64 "-" "node-superagent/3.8.3"
::ffff:127.0.0.1 - - [06/Jan/2020:19:48:53 +0000] "POST /api/events HTTP/1.1" 403 64 "-" "node-superagent/3.8.3"
::ffff:127.0.0.1 - - [06/Jan/2020:19:48:53 +0000] "POST /api/events HTTP/1.1" 403 64 "-" "node-superagent/3.8.3"
::ffff:127.0.0.1 - - [06/Jan/2020:19:48:53 +0000] "GET /api/events HTTP/1.1" 403 64 "-" "node-superagent/3.8.3"
::ffff:127.0.0.1 - - [06/Jan/2020:19:48:53 +0000] "GET /api/events/name/test HTTP/1.1" 403 64 "-" "node-superagent/3.8.3"
::ffff:127.0.0.1 - - [06/Jan/2020:19:48:53 +0000] "GET /api/events/ HTTP/1.1" 403 64 "-" "node-superagent/3.8.3"
::ffff:127.0.0.1 - - [06/Jan/2020:19:48:53 +0000] "GET /api/events/123 HTTP/1.1" 403 64 "-" "node-superagent/3.8.3"
::ffff:127.0.0.1 - - [06/Jan/2020:19:48:53 +0000] "GET /api/events/name/test HTTP/1.1" 403 64 "-" "node-superagent/3.8.3"
::ffff:127.0.0.1 - - [06/Jan/2020:19:48:53 +0000] "PUT /api/events/ HTTP/1.1" 404 1971 "-" "node-superagent/3.8.3"
::ffff:127.0.0.1 - - [06/Jan/2020:19:48:53 +0000] "PUT /api/events/ HTTP/1.1" 404 1971 "-" "node-superagent/3.8.3"
::ffff:127.0.0.1 - - [06/Jan/2020:19:48:53 +0000] "GET /api/events/name/test HTTP/1.1" 403 64 "-" "node-superagent/3.8.3"
::ffff:127.0.0.1 - - [06/Jan/2020:19:48:53 +0000] "DELETE /api/events/ HTTP/1.1" 404 1971 "-" "node-superagent/3.8.3"
::ffff:127.0.0.1 - - [06/Jan/2020:19:48:53 +0000] "DELETE /api/events/ HTTP/1.1" 404 1971 "-" "node-superagent/3.8.3"
::ffff:127.0.0.1 - - [06/Jan/2020:19:49:23 +0000] "POST /api/events HTTP/1.1" 403 64 "-" "node-superagent/3.8.3"
::ffff:127.0.0.1 - - [06/Jan/2020:19:49:23 +0000] "POST /api/events HTTP/1.1" 403 64 "-" "node-superagent/3.8.3"
::ffff:127.0.0.1 - - [06/Jan/2020:19:49:23 +0000] "POST /api/events HTTP/1.1" 403 64 "-" "node-superagent/3.8.3"
::ffff:127.0.0.1 - - [06/Jan/2020:19:49:23 +0000] "GET /api/events HTTP/1.1" 403 64 "-" "node-superagent/3.8.3"
::ffff:127.0.0.1 - - [06/Jan/2020:19:49:23 +0000] "GET /api/events/name/test HTTP/1.1" 403 64 "-" "node-superagent/3.8.3"
::ffff:127.0.0.1 - - [06/Jan/2020:19:49:23 +0000] "GET /api/events/ HTTP/1.1" 403 64 "-" "node-superagent/3.8.3"
::ffff:127.0.0.1 - - [06/Jan/2020:19:49:23 +0000] "GET /api/events/123 HTTP/1.1" 403 64 "-" "node-superagent/3.8.3"
::ffff:127.0.0.1 - - [06/Jan/2020:19:49:23 +0000] "GET /api/events/name/test HTTP/1.1" 403 64 "-" "node-superagent/3.8.3"
::ffff:127.0.0.1 - - [06/Jan/2020:19:49:23 +0000] "PUT /api/events/ HTTP/1.1" 404 1971 "-" "node-superagent/3.8.3"
::ffff:127.0.0.1 - - [06/Jan/2020:19:49:23 +0000] "PUT /api/events/ HTTP/1.1" 404 1971 "-" "node-superagent/3.8.3"
::ffff:127.0.0.1 - - [06/Jan/2020:19:49:23 +0000] "GET /api/events/name/test HTTP/1.1" 403 64 "-" "node-superagent/3.8.3"
::ffff:127.0.0.1 - - [06/Jan/2020:19:49:23 +0000] "DELETE /api/events/ HTTP/1.1" 404 1971 "-" "node-superagent/3.8.3"
::ffff:127.0.0.1 - - [06/Jan/2020:19:49:23 +0000] "DELETE /api/events/ HTTP/1.1" 404 1971 "-" "node-superagent/3.8.3"
::ffff:127.0.0.1 - - [06/Jan/2020:19:49:46 +0000] "POST /api/events HTTP/1.1" 403 64 "-" "node-superagent/3.8.3"
::ffff:127.0.0.1 - - [06/Jan/2020:19:49:46 +0000] "POST /api/events HTTP/1.1" 403 64 "-" "node-superagent/3.8.3"
::ffff:127.0.0.1 - - [06/Jan/2020:19:49:46 +0000] "POST /api/events HTTP/1.1" 403 64 "-" "node-superagent/3.8.3"
::ffff:127.0.0.1 - - [06/Jan/2020:19:49:46 +0000] "GET /api/events HTTP/1.1" 403 64 "-" "node-superagent/3.8.3"
::ffff:127.0.0.1 - - [06/Jan/2020:19:49:46 +0000] "GET /api/events/name/test HTTP/1.1" 403 64 "-" "node-superagent/3.8.3"
::ffff:127.0.0.1 - - [06/Jan/2020:19:49:46 +0000] "GET /api/events/ HTTP/1.1" 403 64 "-" "node-superagent/3.8.3"
::ffff:127.0.0.1 - - [06/Jan/2020:19:49:46 +0000] "GET /api/events/123 HTTP/1.1" 403 64 "-" "node-superagent/3.8.3"
::ffff:127.0.0.1 - - [06/Jan/2020:19:49:46 +0000] "GET /api/events/name/test HTTP/1.1" 403 64 "-" "node-superagent/3.8.3"
::ffff:127.0.0.1 - - [06/Jan/2020:19:49:46 +0000] "PUT /api/events/ HTTP/1.1" 404 1971 "-" "node-superagent/3.8.3"
::ffff:127.0.0.1 - - [06/Jan/2020:19:49:46 +0000] "PUT /api/events/ HTTP/1.1" 404 1971 "-" "node-superagent/3.8.3"
::ffff:127.0.0.1 - - [06/Jan/2020:19:49:46 +0000] "GET /api/events/name/test HTTP/1.1" 403 64 "-" "node-superagent/3.8.3"
::ffff:127.0.0.1 - - [06/Jan/2020:19:49:46 +0000] "DELETE /api/events/ HTTP/1.1" 404 1971 "-" "node-superagent/3.8.3"
::ffff:127.0.0.1 - - [06/Jan/2020:19:49:46 +0000] "DELETE /api/events/ HTTP/1.1" 404 1971 "-" "node-superagent/3.8.3"
::1 - - [06/Jan/2020:19:50:08 +0000] "POST /api/events?= HTTP/1.1" 200 616 "-" "PostmanRuntime/7.21.0"
::1 - - [06/Jan/2020:19:51:48 +0000] "PUT /api/events HTTP/1.1" 404 1971 "-" "PostmanRuntime/7.21.0"
::1 - - [06/Jan/2020:19:52:02 +0000] "PUT /api/events HTTP/1.1" 404 1971 "-" "PostmanRuntime/7.21.0"
::1 - - [06/Jan/2020:19:52:07 +0000] "PUT /api/events HTTP/1.1" 404 1971 "-" "PostmanRuntime/7.21.0"
::1 - - [06/Jan/2020:19:52:21 +0000] "PUT /api/events/5dd468bd0c91e7254c0f2f03 HTTP/1.1" 200 616 "-" "PostmanRuntime/7.21.0"
::1 - - [06/Jan/2020:19:52:32 +0000] "GET /api/events/5dd468bd0c91e7254c0f2f03?= HTTP/1.1" 200 611 "-" "PostmanRuntime/7.21.0"
::1 - - [06/Jan/2020:19:52:44 +0000] "POST /api/events?= HTTP/1.1" 200 616 "-" "PostmanRuntime/7.21.0"
::1 - - [06/Jan/2020:19:52:51 +0000] "GET /api/events/5dd468bd0c91e7254c0f2f03?= HTTP/1.1" 200 611 "-" "PostmanRuntime/7.21.0"
::1 - - [06/Jan/2020:19:53:11 +0000] "GET /api/events/ HTTP/1.1" 200 1746 "-" "PostmanRuntime/7.21.0"
::1 - - [06/Jan/2020:19:53:21 +0000] "DELETE /api/events/5e138f70f30d927878686428 HTTP/1.1" 200 625 "-" "PostmanRuntime/7.21.0"
::1 - - [06/Jan/2020:19:53:23 +0000] "GET /api/events/ HTTP/1.1" 200 1188 "-" "PostmanRuntime/7.21.0"
::1 - - [06/Jan/2020:19:53:30 +0000] "DELETE /api/events/5e13900cffebda7cd4ac747b HTTP/1.1" 200 625 "-" "PostmanRuntime/7.21.0"
::ffff:127.0.0.1 - - [06/Jan/2020:19:54:06 +0000] "POST /api/events HTTP/1.1" 403 64 "-" "node-superagent/3.8.3"
::ffff:127.0.0.1 - - [06/Jan/2020:19:54:06 +0000] "POST /api/events HTTP/1.1" 403 64 "-" "node-superagent/3.8.3"
::ffff:127.0.0.1 - - [06/Jan/2020:19:54:06 +0000] "POST /api/events HTTP/1.1" 403 64 "-" "node-superagent/3.8.3"
::ffff:127.0.0.1 - - [06/Jan/2020:19:54:06 +0000] "GET /api/events HTTP/1.1" 403 64 "-" "node-superagent/3.8.3"
::ffff:127.0.0.1 - - [06/Jan/2020:19:54:06 +0000] "GET /api/events/name/test HTTP/1.1" 403 64 "-" "node-superagent/3.8.3"
::ffff:127.0.0.1 - - [06/Jan/2020:19:54:06 +0000] "GET /api/events/ HTTP/1.1" 403 64 "-" "node-superagent/3.8.3"
::ffff:127.0.0.1 - - [06/Jan/2020:19:54:06 +0000] "GET /api/events/123 HTTP/1.1" 403 64 "-" "node-superagent/3.8.3"
::ffff:127.0.0.1 - - [06/Jan/2020:19:54:06 +0000] "GET /api/events/name/test HTTP/1.1" 403 64 "-" "node-superagent/3.8.3"
::ffff:127.0.0.1 - - [06/Jan/2020:19:54:06 +0000] "PUT /api/events/ HTTP/1.1" 404 1971 "-" "node-superagent/3.8.3"
::ffff:127.0.0.1 - - [06/Jan/2020:19:54:06 +0000] "PUT /api/events/ HTTP/1.1" 404 1971 "-" "node-superagent/3.8.3"
::ffff:127.0.0.1 - - [06/Jan/2020:19:54:06 +0000] "GET /api/events/name/test HTTP/1.1" 403 64 "-" "node-superagent/3.8.3"
::ffff:127.0.0.1 - - [06/Jan/2020:19:54:06 +0000] "DELETE /api/events/ HTTP/1.1" 404 1971 "-" "node-superagent/3.8.3"
::ffff:127.0.0.1 - - [06/Jan/2020:19:54:06 +0000] "DELETE /api/events/ HTTP/1.1" 404 1971 "-" "node-superagent/3.8.3"
::1 - - [08/Jan/2020:16:47:16 +0000] "GET /api/events/ HTTP/1.1" 401 34 "-" "PostmanRuntime/7.21.0"
::1 - - [08/Jan/2020:16:48:44 +0000] "GET /api/events/ HTTP/1.1" 200 630 "-" "PostmanRuntime/7.21.0"
::1 - - [08/Jan/2020:16:53:19 +0000] "GET /api/events/5dd468bd0c91e7254c0f2f03?A HTTP/1.1" 200 611 "-" "PostmanRuntime/7.21.0"
::1 - - [08/Jan/2020:17:38:18 +0000] "POST /api/events?= HTTP/1.1" 200 594 "-" "PostmanRuntime/7.21.0"
::ffff:127.0.0.1 - - [08/Jan/2020:17:38:40 +0000] "POST /api/events HTTP/1.1" 200 271 "-" "node-superagent/3.8.3"
::ffff:127.0.0.1 - - [08/Jan/2020:17:42:19 +0000] "POST /api/events HTTP/1.1" 200 271 "-" "node-superagent/3.8.3"
::1 - - [08/Jan/2020:17:42:34 +0000] "GET /api/events/ HTTP/1.1" 500 45 "-" "PostmanRuntime/7.21.0"
::1 - - [08/Jan/2020:17:42:45 +0000] "GET /api/events/ HTTP/1.1" 500 45 "-" "PostmanRuntime/7.21.0"
::1 - - [08/Jan/2020:17:45:38 +0000] "GET /api/events/ HTTP/1.1" 200 1592 "-" "PostmanRuntime/7.21.0"
::1 - - [08/Jan/2020:17:46:03 +0000] "DELETE /api/events/5e16147bce7b7662f8a668fb HTTP/1.1" 401 35 "-" "PostmanRuntime/7.21.0"
::1 - - [08/Jan/2020:17:46:17 +0000] "DELETE /api/events/5e16147bce7b7662f8a668fb HTTP/1.1" 200 280 "-" "PostmanRuntime/7.21.0"
::1 - - [08/Jan/2020:17:46:31 +0000] "DELETE /api/events/5e1613a0b899ed509c2ea7fa HTTP/1.1" 200 280 "-" "PostmanRuntime/7.21.0"
::1 - - [08/Jan/2020:17:46:35 +0000] "GET /api/events/ HTTP/1.1" 200 1166 "-" "PostmanRuntime/7.21.0"
::ffff:127.0.0.1 - - [08/Jan/2020:17:52:16 +0000] "POST /api/events HTTP/1.1" 200 293 "-" "node-superagent/3.8.3"
::1 - - [08/Jan/2020:17:52:21 +0000] "GET /api/events/ HTTP/1.1" 401 35 "-" "PostmanRuntime/7.21.0"
::ffff:127.0.0.1 - - [08/Jan/2020:17:53:18 +0000] "POST /api/events HTTP/1.1" 200 293 "-" "node-superagent/3.8.3"
::1 - - [08/Jan/2020:17:53:37 +0000] "GET /api/events/ HTTP/1.1" 200 1636 "-" "PostmanRuntime/7.21.0"
::1 - - [08/Jan/2020:17:53:49 +0000] "DELETE /api/events/5e1616d006e39a8c68d594a5 HTTP/1.1" 401 35 "-" "PostmanRuntime/7.21.0"
::1 - - [08/Jan/2020:17:53:59 +0000] "DELETE /api/events/5e1616d006e39a8c68d594a5 HTTP/1.1" 200 302 "-" "PostmanRuntime/7.21.0"
::1 - - [08/Jan/2020:17:54:13 +0000] "DELETE /api/events/5e16170e698adf78a863966d HTTP/1.1" 200 302 "-" "PostmanRuntime/7.21.0"
::1 - - [08/Jan/2020:17:55:44 +0000] "POST /api/events?= HTTP/1.1" 401 35 "-" "PostmanRuntime/7.21.0"
::1 - - [08/Jan/2020:17:55:56 +0000] "POST /api/events?= HTTP/1.1" 500 468 "-" "PostmanRuntime/7.21.0"
::ffff:127.0.0.1 - - [08/Jan/2020:17:58:09 +0000] "POST /api/events HTTP/1.1" 200 293 "-" "node-superagent/3.8.3"
::ffff:127.0.0.1 - - [08/Jan/2020:17:58:09 +0000] "POST /api/events HTTP/1.1" 500 468 "-" "node-superagent/3.8.3"
::1 - - [08/Jan/2020:17:59:12 +0000] "POST /api/events?= HTTP/1.1" 500 2033 "-" "PostmanRuntime/7.21.0"
::ffff:127.0.0.1 - - [08/Jan/2020:17:59:53 +0000] "POST /api/events HTTP/1.1" 200 293 "-" "node-superagent/3.8.3"
::ffff:127.0.0.1 - - [08/Jan/2020:17:59:53 +0000] "POST /api/events HTTP/1.1" 500 468 "-" "node-superagent/3.8.3"
::ffff:127.0.0.1 - - [08/Jan/2020:17:59:53 +0000] "POST /api/events HTTP/1.1" 500 2033 "-" "node-superagent/3.8.3"
::1 - - [08/Jan/2020:18:06:17 +0000] "GET /api/events/ HTTP/1.1" 200 1636 "-" "PostmanRuntime/7.21.0"
::1 - - [08/Jan/2020:18:06:29 +0000] "DELETE /api/events/5e16183183607f7b7011a993 HTTP/1.1" 200 302 "-" "PostmanRuntime/7.21.0"
::1 - - [08/Jan/2020:18:06:38 +0000] "DELETE /api/events/5e161899044e0ee3308def47 HTTP/1.1" 200 302 "-" "PostmanRuntime/7.21.0"
::1 - - [08/Jan/2020:18:06:40 +0000] "GET /api/events/ HTTP/1.1" 200 1166 "-" "PostmanRuntime/7.21.0"
::ffff:127.0.0.1 - - [08/Jan/2020:18:07:30 +0000] "POST /api/events HTTP/1.1" 200 293 "-" "node-superagent/3.8.3"
::ffff:127.0.0.1 - - [08/Jan/2020:18:07:30 +0000] "POST /api/events HTTP/1.1" 500 468 "-" "node-superagent/3.8.3"
::ffff:127.0.0.1 - - [08/Jan/2020:18:07:30 +0000] "POST /api/events HTTP/1.1" 500 2033 "-" "node-superagent/3.8.3"
::ffff:127.0.0.1 - - [08/Jan/2020:18:07:30 +0000] "GET /api/events HTTP/1.1" 200 1401 "-" "node-superagent/3.8.3"
::ffff:127.0.0.1 - - [08/Jan/2020:18:07:30 +0000] "GET /api/events/name/test HTTP/1.1" 200 286 "-" "node-superagent/3.8.3"
::1 - - [08/Jan/2020:18:46:49 +0000] "GET /api/events/ HTTP/1.1" 200 1401 "-" "PostmanRuntime/7.21.0"
::1 - - [08/Jan/2020:18:47:02 +0000] "DELETE /api/events/5e161a62023657b994958168 HTTP/1.1" 200 302 "-" "PostmanRuntime/7.21.0"
::1 - - [08/Jan/2020:18:47:05 +0000] "GET /api/events/ HTTP/1.1" 200 1166 "-" "PostmanRuntime/7.21.0"
::1 - - [08/Jan/2020:18:51:52 +0000] "GET /api/events/5e16138ab899ed509c2ea7f9 HTTP/1.1" 401 35 "-" "PostmanRuntime/7.21.0"
::1 - - [08/Jan/2020:18:52:02 +0000] "GET /api/events/5e16138ab899ed509c2ea7f9 HTTP/1.1" 200 588 "-" "PostmanRuntime/7.21.0"
::1 - - [08/Jan/2020:18:52:55 +0000] "GET /api/events/5e16138ab899ed509c2ea7f97 HTTP/1.1" 404 332 "-" "PostmanRuntime/7.21.0"
::ffff:127.0.0.1 - - [08/Jan/2020:18:55:08 +0000] "POST /api/events HTTP/1.1" 200 293 "-" "node-superagent/3.8.3"
::ffff:127.0.0.1 - - [08/Jan/2020:18:55:08 +0000] "POST /api/events HTTP/1.1" 500 468 "-" "node-superagent/3.8.3"
::ffff:127.0.0.1 - - [08/Jan/2020:18:55:08 +0000] "POST /api/events HTTP/1.1" 500 2033 "-" "node-superagent/3.8.3"
::ffff:127.0.0.1 - - [08/Jan/2020:18:55:08 +0000] "GET /api/events HTTP/1.1" 200 1401 "-" "node-superagent/3.8.3"
::ffff:127.0.0.1 - - [08/Jan/2020:18:55:08 +0000] "GET /api/events/name/test HTTP/1.1" 200 286 "-" "node-superagent/3.8.3"
::ffff:127.0.0.1 - - [08/Jan/2020:18:55:08 +0000] "GET /api/events/undefined HTTP/1.1" 404 268 "-" "node-superagent/3.8.3"
::ffff:127.0.0.1 - - [08/Jan/2020:18:55:08 +0000] "GET /api/events/undefined4 HTTP/1.1" 404 272 "-" "node-superagent/3.8.3"
::1 - - [08/Jan/2020:18:55:53 +0000] "GET /api/events/ HTTP/1.1" 401 35 "-" "PostmanRuntime/7.21.0"
::1 - - [08/Jan/2020:18:56:11 +0000] "GET /api/events/ HTTP/1.1" 200 1401 "-" "PostmanRuntime/7.21.0"
::1 - - [08/Jan/2020:18:56:31 +0000] "DELETE /api/events/5e16258ccf88d6d394327d27 HTTP/1.1" 200 302 "-" "PostmanRuntime/7.21.0"
::1 - - [08/Jan/2020:18:56:34 +0000] "GET /api/events/ HTTP/1.1" 200 1166 "-" "PostmanRuntime/7.21.0"
::ffff:127.0.0.1 - - [08/Jan/2020:18:56:39 +0000] "POST /api/events HTTP/1.1" 200 293 "-" "node-superagent/3.8.3"
::ffff:127.0.0.1 - - [08/Jan/2020:18:56:39 +0000] "POST /api/events HTTP/1.1" 500 468 "-" "node-superagent/3.8.3"
::ffff:127.0.0.1 - - [08/Jan/2020:18:56:39 +0000] "POST /api/events HTTP/1.1" 500 2033 "-" "node-superagent/3.8.3"
::ffff:127.0.0.1 - - [08/Jan/2020:18:56:40 +0000] "GET /api/events HTTP/1.1" 200 1401 "-" "node-superagent/3.8.3"
::ffff:127.0.0.1 - - [08/Jan/2020:18:56:40 +0000] "GET /api/events/name/test HTTP/1.1" 200 286 "-" "node-superagent/3.8.3"
::ffff:127.0.0.1 - - [08/Jan/2020:18:56:40 +0000] "GET /api/events/undefined HTTP/1.1" 404 268 "-" "node-superagent/3.8.3"
::ffff:127.0.0.1 - - [08/Jan/2020:18:56:40 +0000] "GET /api/events/undefined4 HTTP/1.1" 404 272 "-" "node-superagent/3.8.3"
::1 - - [08/Jan/2020:18:58:20 +0000] "GET /api/events/ HTTP/1.1" 200 1401 "-" "PostmanRuntime/7.21.0"
::1 - - [08/Jan/2020:18:58:28 +0000] "DELETE /api/events/5e1625e719b20dc9086b14a8 HTTP/1.1" 200 302 "-" "PostmanRuntime/7.21.0"
::ffff:127.0.0.1 - - [08/Jan/2020:18:58:59 +0000] "POST /api/events HTTP/1.1" 200 293 "-" "node-superagent/3.8.3"
::ffff:127.0.0.1 - - [08/Jan/2020:18:58:59 +0000] "POST /api/events HTTP/1.1" 500 468 "-" "node-superagent/3.8.3"
::ffff:127.0.0.1 - - [08/Jan/2020:18:58:59 +0000] "POST /api/events HTTP/1.1" 500 2033 "-" "node-superagent/3.8.3"
::ffff:127.0.0.1 - - [08/Jan/2020:18:59:00 +0000] "GET /api/events HTTP/1.1" 200 1401 "-" "node-superagent/3.8.3"
::ffff:127.0.0.1 - - [08/Jan/2020:18:59:00 +0000] "GET /api/events/name/test HTTP/1.1" 200 286 "-" "node-superagent/3.8.3"
::ffff:127.0.0.1 - - [08/Jan/2020:18:59:00 +0000] "GET /api/events/undefined HTTP/1.1" 404 268 "-" "node-superagent/3.8.3"
::ffff:127.0.0.1 - - [08/Jan/2020:18:59:00 +0000] "GET /api/events/undefined4 HTTP/1.1" 404 272 "-" "node-superagent/3.8.3"
::1 - - [08/Jan/2020:18:59:29 +0000] "GET /api/events/ HTTP/1.1" 200 1401 "-" "PostmanRuntime/7.21.0"
::1 - - [08/Jan/2020:18:59:38 +0000] "DELETE /api/events/5e1626731df5e3c08c6e18de HTTP/1.1" 200 302 "-" "PostmanRuntime/7.21.0"
::1 - - [08/Jan/2020:19:02:03 +0000] "GET /api/events/ HTTP/1.1" 200 1166 "-" "PostmanRuntime/7.21.0"
::1 - - [08/Jan/2020:20:52:17 +0000] "GET /api/events/ HTTP/1.1" 401 35 "-" "PostmanRuntime/7.21.0"
::ffff:127.0.0.1 - - [08/Jan/2020:20:53:01 +0000] "POST /api/events HTTP/1.1" 200 293 "-" "node-superagent/3.8.3"
::ffff:127.0.0.1 - - [08/Jan/2020:20:53:01 +0000] "POST /api/events HTTP/1.1" 500 468 "-" "node-superagent/3.8.3"
::ffff:127.0.0.1 - - [08/Jan/2020:20:53:01 +0000] "POST /api/events HTTP/1.1" 500 2033 "-" "node-superagent/3.8.3"
::ffff:127.0.0.1 - - [08/Jan/2020:20:53:01 +0000] "GET /api/events HTTP/1.1" 200 1401 "-" "node-superagent/3.8.3"
::ffff:127.0.0.1 - - [08/Jan/2020:20:53:01 +0000] "GET /api/events/name/test HTTP/1.1" 200 286 "-" "node-superagent/3.8.3"
::ffff:127.0.0.1 - - [08/Jan/2020:20:53:01 +0000] "GET /api/events/5e16412ddb09a5bc2018f9fe HTTP/1.1" 200 287 "-" "node-superagent/3.8.3"
::ffff:127.0.0.1 - - [08/Jan/2020:20:53:01 +0000] "GET /api/events/4 HTTP/1.1" 404 236 "-" "node-superagent/3.8.3"
::ffff:127.0.0.1 - - [08/Jan/2020:20:53:01 +0000] "GET /api/events/name/test HTTP/1.1" 200 286 "-" "node-superagent/3.8.3"
::ffff:127.0.0.1 - - [08/Jan/2020:20:53:01 +0000] "DELETE /api/events/5e16412ddb09a5bc2018f9fe HTTP/1.1" 403 65 "-" "node-superagent/3.8.3"
::ffff:127.0.0.1 - - [08/Jan/2020:20:53:01 +0000] "DELETE /api/events/5e16412ddb09a5bc2018f9fe HTTP/1.1" 403 65 "-" "node-superagent/3.8.3"
::1 - - [08/Jan/2020:20:55:17 +0000] "GET /api/events/ HTTP/1.1" 401 35 "-" "PostmanRuntime/7.21.0"
::1 - - [08/Jan/2020:20:55:43 +0000] "GET /api/events/ HTTP/1.1" 200 1401 "-" "PostmanRuntime/7.21.0"
::1 - - [08/Jan/2020:20:56:10 +0000] "GET /api/events/ HTTP/1.1" 200 1401 "-" "PostmanRuntime/7.21.0"
::1 - - [08/Jan/2020:20:56:19 +0000] "DELETE /api/events/5e16412ddb09a5bc2018f9fe HTTP/1.1" 200 302 "-" "PostmanRuntime/7.21.0"
::1 - - [08/Jan/2020:20:56:23 +0000] "GET /api/events/ HTTP/1.1" 200 1166 "-" "PostmanRuntime/7.21.0"
::ffff:127.0.0.1 - - [08/Jan/2020:20:56:33 +0000] "POST /api/events HTTP/1.1" 200 293 "-" "node-superagent/3.8.3"
::ffff:127.0.0.1 - - [08/Jan/2020:20:56:33 +0000] "POST /api/events HTTP/1.1" 500 468 "-" "node-superagent/3.8.3"
::ffff:127.0.0.1 - - [08/Jan/2020:20:56:33 +0000] "POST /api/events HTTP/1.1" 500 2033 "-" "node-superagent/3.8.3"
::ffff:127.0.0.1 - - [08/Jan/2020:20:56:33 +0000] "GET /api/events HTTP/1.1" 200 1401 "-" "node-superagent/3.8.3"
::ffff:127.0.0.1 - - [08/Jan/2020:20:56:33 +0000] "GET /api/events/name/test HTTP/1.1" 200 286 "-" "node-superagent/3.8.3"
::ffff:127.0.0.1 - - [08/Jan/2020:20:56:33 +0000] "GET /api/events/5e1642019b6f84492c5dce80 HTTP/1.1" 200 287 "-" "node-superagent/3.8.3"
::ffff:127.0.0.1 - - [08/Jan/2020:20:56:33 +0000] "GET /api/events/4 HTTP/1.1" 404 236 "-" "node-superagent/3.8.3"
::ffff:127.0.0.1 - - [08/Jan/2020:20:56:33 +0000] "GET /api/events/name/test HTTP/1.1" 200 286 "-" "node-superagent/3.8.3"
::ffff:127.0.0.1 - - [08/Jan/2020:20:56:33 +0000] "DELETE /api/events/5e1642019b6f84492c5dce80 HTTP/1.1" 200 302 "-" "node-superagent/3.8.3"
::ffff:127.0.0.1 - - [08/Jan/2020:20:56:33 +0000] "DELETE /api/events/5e1642019b6f84492c5dce80 HTTP/1.1" 500 94 "-" "node-superagent/3.8.3"
::ffff:127.0.0.1 - - [08/Jan/2020:20:59:55 +0000] "POST /api/events HTTP/1.1" 200 293 "-" "node-superagent/3.8.3"
::ffff:127.0.0.1 - - [08/Jan/2020:20:59:55 +0000] "POST /api/events HTTP/1.1" 500 468 "-" "node-superagent/3.8.3"
::ffff:127.0.0.1 - - [08/Jan/2020:20:59:55 +0000] "POST /api/events HTTP/1.1" 500 2033 "-" "node-superagent/3.8.3"
::ffff:127.0.0.1 - - [08/Jan/2020:20:59:55 +0000] "GET /api/events HTTP/1.1" 200 1401 "-" "node-superagent/3.8.3"
::ffff:127.0.0.1 - - [08/Jan/2020:20:59:55 +0000] "GET /api/events/name/test HTTP/1.1" 200 286 "-" "node-superagent/3.8.3"
::ffff:127.0.0.1 - - [08/Jan/2020:20:59:55 +0000] "GET /api/events/5e1642cbe3906ce374883d25 HTTP/1.1" 200 287 "-" "node-superagent/3.8.3"
::ffff:127.0.0.1 - - [08/Jan/2020:20:59:55 +0000] "GET /api/events/4 HTTP/1.1" 404 236 "-" "node-superagent/3.8.3"
::ffff:127.0.0.1 - - [08/Jan/2020:20:59:55 +0000] "GET /api/events/name/test HTTP/1.1" 200 286 "-" "node-superagent/3.8.3"
::ffff:127.0.0.1 - - [08/Jan/2020:20:59:55 +0000] "PUT /api/events/5e1642cbe3906ce374883d25 HTTP/1.1" 403 65 "-" "node-superagent/3.8.3"
::ffff:127.0.0.1 - - [08/Jan/2020:20:59:55 +0000] "PUT /api/events/5e1642cbe3906ce374883d25 HTTP/1.1" 403 65 "-" "node-superagent/3.8.3"
::ffff:127.0.0.1 - - [08/Jan/2020:20:59:55 +0000] "GET /api/events/name/test HTTP/1.1" 200 286 "-" "node-superagent/3.8.3"
::ffff:127.0.0.1 - - [08/Jan/2020:20:59:55 +0000] "DELETE /api/events/5e1642cbe3906ce374883d25 HTTP/1.1" 200 302 "-" "node-superagent/3.8.3"
::ffff:127.0.0.1 - - [08/Jan/2020:20:59:55 +0000] "DELETE /api/events/5e1642cbe3906ce374883d25 HTTP/1.1" 500 94 "-" "node-superagent/3.8.3"
::1 - - [08/Jan/2020:21:04:12 +0000] "GET /api/events/ HTTP/1.1" 200 1166 "-" "PostmanRuntime/7.21.0"
::1 - - [08/Jan/2020:21:04:33 +0000] "PUT /api/events/5e16138ab899ed509c2ea7f9 HTTP/1.1" 401 35 "-" "PostmanRuntime/7.21.0"
::1 - - [08/Jan/2020:21:04:46 +0000] "PUT /api/events/5e16138ab899ed509c2ea7f9 HTTP/1.1" 200 594 "-" "PostmanRuntime/7.21.0"
::1 - - [08/Jan/2020:21:06:47 +0000] "PUT /api/events/5e16138ab899ed509c2ea7f9 HTTP/1.1" 500 46 "-" "PostmanRuntime/7.21.0"
::ffff:127.0.0.1 - - [08/Jan/2020:21:08:21 +0000] "POST /api/events HTTP/1.1" 200 293 "-" "node-superagent/3.8.3"
::ffff:127.0.0.1 - - [08/Jan/2020:21:08:21 +0000] "POST /api/events HTTP/1.1" 500 468 "-" "node-superagent/3.8.3"
::ffff:127.0.0.1 - - [08/Jan/2020:21:08:21 +0000] "POST /api/events HTTP/1.1" 500 2033 "-" "node-superagent/3.8.3"
::ffff:127.0.0.1 - - [08/Jan/2020:21:08:21 +0000] "GET /api/events HTTP/1.1" 200 1402 "-" "node-superagent/3.8.3"
::ffff:127.0.0.1 - - [08/Jan/2020:21:08:21 +0000] "GET /api/events/name/test HTTP/1.1" 200 286 "-" "node-superagent/3.8.3"
::ffff:127.0.0.1 - - [08/Jan/2020:21:08:22 +0000] "GET /api/events/5e1644c5b7a60098c043af60 HTTP/1.1" 200 287 "-" "node-superagent/3.8.3"
::ffff:127.0.0.1 - - [08/Jan/2020:21:08:22 +0000] "GET /api/events/4 HTTP/1.1" 404 236 "-" "node-superagent/3.8.3"
::ffff:127.0.0.1 - - [08/Jan/2020:21:08:22 +0000] "GET /api/events/name/test HTTP/1.1" 200 286 "-" "node-superagent/3.8.3"
::ffff:127.0.0.1 - - [08/Jan/2020:21:08:22 +0000] "PUT /api/events/5e1644c5b7a60098c043af60 HTTP/1.1" 200 293 "-" "node-superagent/3.8.3"
::ffff:127.0.0.1 - - [08/Jan/2020:21:08:22 +0000] "PUT /api/events/5e1644c5b7a60098c043af60 HTTP/1.1" 500 46 "-" "node-superagent/3.8.3"
::ffff:127.0.0.1 - - [08/Jan/2020:21:08:22 +0000] "GET /api/events/name/test HTTP/1.1" 200 287 "-" "node-superagent/3.8.3"
::ffff:127.0.0.1 - - [08/Jan/2020:21:08:22 +0000] "DELETE /api/events/5e1644c5b7a60098c043af60 HTTP/1.1" 200 303 "-" "node-superagent/3.8.3"
::ffff:127.0.0.1 - - [08/Jan/2020:21:08:22 +0000] "DELETE /api/events/5e1644c5b7a60098c043af60 HTTP/1.1" 500 94 "-" "node-superagent/3.8.3"
::1 - - [08/Jan/2020:21:08:39 +0000] "GET /api/events/ HTTP/1.1" 200 1167 "-" "PostmanRuntime/7.21.0"
::1 - - [08/Jan/2020:21:08:59 +0000] "PUT /api/events/5e16138ab899ed509c2ea7f9 HTTP/1.1" 500 46 "-" "PostmanRuntime/7.21.0"
::1 - - [08/Jan/2020:21:09:05 +0000] "PUT /api/events/5e16138ab899ed509c2ea7f9 HTTP/1.1" 200 576 "-" "PostmanRuntime/7.21.0"
::1 - - [08/Jan/2020:21:09:20 +0000] "DELETE /api/events/5e16138ab899ed509c2ea7f9 HTTP/1.1" 200 586 "-" "PostmanRuntime/7.21.0"
::ffff:127.0.0.1 - - [08/Jan/2020:21:11:59 +0000] "POST /api/events HTTP/1.1" 200 293 "-" "node-superagent/3.8.3"
::ffff:127.0.0.1 - - [08/Jan/2020:21:11:59 +0000] "POST /api/events HTTP/1.1" 500 468 "-" "node-superagent/3.8.3"
::ffff:127.0.0.1 - - [08/Jan/2020:21:11:59 +0000] "POST /api/events HTTP/1.1" 500 2033 "-" "node-superagent/3.8.3"
::ffff:127.0.0.1 - - [08/Jan/2020:21:12:00 +0000] "GET /api/events HTTP/1.1" 200 865 "-" "node-superagent/3.8.3"
::ffff:127.0.0.1 - - [08/Jan/2020:21:12:00 +0000] "GET /api/events/name/test HTTP/1.1" 200 286 "-" "node-superagent/3.8.3"
::ffff:127.0.0.1 - - [08/Jan/2020:21:12:00 +0000] "GET /api/events/5e16459fc3e803b97cf52676 HTTP/1.1" 200 287 "-" "node-superagent/3.8.3"
::ffff:127.0.0.1 - - [08/Jan/2020:21:12:00 +0000] "GET /api/events/4 HTTP/1.1" 404 236 "-" "node-superagent/3.8.3"
::ffff:127.0.0.1 - - [08/Jan/2020:21:12:00 +0000] "GET /api/events/name/test HTTP/1.1" 200 286 "-" "node-superagent/3.8.3"
::ffff:127.0.0.1 - - [08/Jan/2020:21:12:00 +0000] "PUT /api/events/5e16459fc3e803b97cf52676 HTTP/1.1" 200 293 "-" "node-superagent/3.8.3"
::ffff:127.0.0.1 - - [08/Jan/2020:21:12:00 +0000] "PUT /api/events/5e16459fc3e803b97cf52676 HTTP/1.1" 500 46 "-" "node-superagent/3.8.3"
::ffff:127.0.0.1 - - [08/Jan/2020:21:12:00 +0000] "GET /api/events/name/test HTTP/1.1" 200 287 "-" "node-superagent/3.8.3"
::ffff:127.0.0.1 - - [08/Jan/2020:21:12:00 +0000] "DELETE /api/events/5e16459fc3e803b97cf52676 HTTP/1.1" 200 303 "-" "node-superagent/3.8.3"
::ffff:127.0.0.1 - - [08/Jan/2020:21:13:48 +0000] "POST /api/events HTTP/1.1" 200 293 "-" "node-superagent/3.8.3"
::ffff:127.0.0.1 - - [08/Jan/2020:21:13:48 +0000] "POST /api/events HTTP/1.1" 500 468 "-" "node-superagent/3.8.3"
::ffff:127.0.0.1 - - [08/Jan/2020:21:13:48 +0000] "POST /api/events HTTP/1.1" 500 2033 "-" "node-superagent/3.8.3"
::ffff:127.0.0.1 - - [08/Jan/2020:21:13:49 +0000] "GET /api/events HTTP/1.1" 200 865 "-" "node-superagent/3.8.3"
::ffff:127.0.0.1 - - [08/Jan/2020:21:13:49 +0000] "GET /api/events/name/test HTTP/1.1" 200 286 "-" "node-superagent/3.8.3"
::ffff:127.0.0.1 - - [08/Jan/2020:21:13:49 +0000] "GET /api/events/5e16460c179acecb9ccf16d5 HTTP/1.1" 200 287 "-" "node-superagent/3.8.3"
::ffff:127.0.0.1 - - [08/Jan/2020:21:13:49 +0000] "GET /api/events/4 HTTP/1.1" 404 236 "-" "node-superagent/3.8.3"
::ffff:127.0.0.1 - - [08/Jan/2020:21:13:49 +0000] "GET /api/events/name/test HTTP/1.1" 200 286 "-" "node-superagent/3.8.3"
::ffff:127.0.0.1 - - [08/Jan/2020:21:13:49 +0000] "PUT /api/events/5e16460c179acecb9ccf16d5 HTTP/1.1" 200 293 "-" "node-superagent/3.8.3"
::ffff:127.0.0.1 - - [08/Jan/2020:21:13:49 +0000] "PUT /api/events/5e16460c179acecb9ccf16d5 HTTP/1.1" 500 46 "-" "node-superagent/3.8.3"
::ffff:127.0.0.1 - - [08/Jan/2020:21:13:49 +0000] "GET /api/events/name/test HTTP/1.1" 200 287 "-" "node-superagent/3.8.3"
::ffff:127.0.0.1 - - [08/Jan/2020:21:13:49 +0000] "DELETE /api/events/5e16460c179acecb9ccf16d5 HTTP/1.1" 200 303 "-" "node-superagent/3.8.3"
::ffff:127.0.0.1 - - [08/Jan/2020:21:14:23 +0000] "POST /api/events HTTP/1.1" 200 293 "-" "node-superagent/3.8.3"
::ffff:127.0.0.1 - - [08/Jan/2020:21:14:23 +0000] "POST /api/events HTTP/1.1" 500 468 "-" "node-superagent/3.8.3"
::ffff:127.0.0.1 - - [08/Jan/2020:21:14:24 +0000] "POST /api/events HTTP/1.1" 500 2033 "-" "node-superagent/3.8.3"
::ffff:127.0.0.1 - - [08/Jan/2020:21:14:24 +0000] "GET /api/events HTTP/1.1" 200 865 "-" "node-superagent/3.8.3"
::ffff:127.0.0.1 - - [08/Jan/2020:21:14:24 +0000] "GET /api/events/name/test HTTP/1.1" 200 286 "-" "node-superagent/3.8.3"
::ffff:127.0.0.1 - - [08/Jan/2020:21:14:24 +0000] "GET /api/events/5e16462f9efb36d2c831f540 HTTP/1.1" 200 287 "-" "node-superagent/3.8.3"
::ffff:127.0.0.1 - - [08/Jan/2020:21:14:24 +0000] "GET /api/events/4 HTTP/1.1" 404 236 "-" "node-superagent/3.8.3"
::ffff:127.0.0.1 - - [08/Jan/2020:21:14:24 +0000] "GET /api/events/name/test HTTP/1.1" 200 286 "-" "node-superagent/3.8.3"
::ffff:127.0.0.1 - - [08/Jan/2020:21:14:24 +0000] "PUT /api/events/5e16462f9efb36d2c831f540 HTTP/1.1" 200 293 "-" "node-superagent/3.8.3"
::ffff:127.0.0.1 - - [08/Jan/2020:21:14:24 +0000] "PUT /api/events/5e16462f9efb36d2c831f540 HTTP/1.1" 500 46 "-" "node-superagent/3.8.3"
::ffff:127.0.0.1 - - [08/Jan/2020:21:14:24 +0000] "GET /api/events/name/test HTTP/1.1" 200 287 "-" "node-superagent/3.8.3"
::ffff:127.0.0.1 - - [08/Jan/2020:21:14:24 +0000] "DELETE /api/events/5e16462f9efb36d2c831f540 HTTP/1.1" 200 303 "-" "node-superagent/3.8.3"
::ffff:127.0.0.1 - - [08/Jan/2020:21:14:24 +0000] "DELETE /api/events/5e16462f9efb36d2c831f540 HTTP/1.1" 500 94 "-" "node-superagent/3.8.3"
